PS C:\Users\User> mkdir git_challenge


    ディレクトリ: C:\Users\User


Mode                 LastWriteTime         Length Name
----                 -------------         ------ ----
d-----        2024/04/22     10:42                git_challenge


PS C:\Users\User> cd git_challenge
PS C:\Users\User\git_challenge> git init
Initialized empty Git repository in C:/Users/User/git_challenge/.git/
PS C:\Users\User\git_challenge> echo "Hello, World!" >> hello_world.txt
PS C:\Users\User\git_challenge> git add hello_world.txt
PS C:\Users\User\git_challenge> git commit -m "hello_world.txtを追加"
[main (root-commit) 790ab55] hello_world.txtを追加
 1 file changed, 0 insertions(+), 0 deletions(-)
 create mode 100644 hello_world.txt
PS C:\Users\User\git_challenge> git add hello_world.txt
PS C:\Users\User\git_challenge> git commit -m "日本語訳を追記"                     
[main ab552b2] 日本語訳を追記
 1 file changed, 0 insertions(+), 0 deletions(-)
PS C:\Users\User\git_challenge> git log --oneline
ab552b2 (HEAD -> main) 日本語訳を追記
790ab55 hello_world.txtを追加